// Vitest Snapshot v1, https://vitest.dev/guide/snapshot.html

exports[`demo scan fixtures > matches the cached scan-result snapshots 1`] = `
[
  {
    "aliases": [
      "ghostcase power snap",
      "ghostcase battery case",
      "demo haunted charger",
    ],
    "key": "ghostcase-power-snap",
    "result": {
      "demoMode": true,
      "ghostScore": 65,
      "hauntings": [
        {
          "detail": "8 reviews arrived in burst windows (peak 8 in a single day, 8x the typical rate).",
          "evidenceRefs": [
            "ghostcase-copy-0",
            "ghostcase-copy-1",
            "ghostcase-copy-2",
            "ghostcase-copy-3",
            "ghostcase-copy-4",
            "ghostcase-copy-5",
            "ghostcase-copy-6",
            "ghostcase-free",
          ],
          "id": "burstiness",
          "severity": "high",
          "title": "Review burst",
        },
        {
          "detail": "7 reviews are near-identical to others (21 matching pairs).",
          "evidenceRefs": [
            "ghostcase-copy-0",
            "ghostcase-copy-1",
            "ghostcase-copy-2",
            "ghostcase-copy-3",
            "ghostcase-copy-4",
            "ghostcase-copy-5",
            "ghostcase-copy-6",
          ],
          "id": "duplication",
          "severity": "high",
          "title": "Copy-paste coven",
        },
        {
          "detail": "71% average AI-likelihood; 8 reviews strongly read as AI-generated or templated.",
          "evidenceRefs": [
            "ghostcase-copy-0",
            "ghostcase-copy-1",
            "ghostcase-copy-2",
            "ghostcase-copy-3",
            "ghostcase-copy-4",
            "ghostcase-copy-5",
            "ghostcase-copy-6",
            "ghostcase-free",
          ],
          "id": "aiGenerated",
          "severity": "high",
          "title": "Machine-written",
        },
        {
          "detail": "8 reviews lack concrete product detail (69% average generic-language score).",
          "evidenceRefs": [
            "ghostcase-copy-0",
            "ghostcase-copy-1",
            "ghostcase-copy-2",
            "ghostcase-copy-3",
            "ghostcase-copy-4",
            "ghostcase-copy-5",
            "ghostcase-copy-6",
            "ghostcase-free",
          ],
          "id": "generic",
          "severity": "high",
          "title": "Vague & generic",
        },
        {
          "detail": "80% 5★, 20% 1★, only 0% in the 2–4★ middle.",
          "evidenceRefs": [],
          "id": "ratingAnomaly",
          "severity": "high",
          "title": "Rigged ratings",
        },
      ],
      "product": {
        "name": "GhostCase Power Snap",
        "source": "amazon",
        "url": "https://www.amazon.com/product-reviews/GHOSTCASE",
      },
      "reviews": [
        {
          "id": "ghostcase-copy-0",
          "rating": 5,
          "reasons": [
            "near-duplicate of other reviews",
            "reads as AI-generated",
            "posted during a review burst",
            "vague, lacks concrete detail",
          ],
          "source": "amazon",
          "verdict": "ghost",
          "verifiedPurchase": true,
        },
        {
          "id": "ghostcase-copy-1",
          "rating": 5,
          "reasons": [
            "near-duplicate of other reviews",
            "reads as AI-generated",
            "posted during a review burst",
            "vague, lacks concrete detail",
          ],
          "source": "amazon",
          "verdict": "ghost",
          "verifiedPurchase": true,
        },
        {
          "id": "ghostcase-copy-2",
          "rating": 5,
          "reasons": [
            "near-duplicate of other reviews",
            "reads as AI-generated",
            "posted during a review burst",
            "vague, lacks concrete detail",
          ],
          "source": "amazon",
          "verdict": "ghost",
          "verifiedPurchase": true,
        },
        {
          "id": "ghostcase-copy-3",
          "rating": 5,
          "reasons": [
            "near-duplicate of other reviews",
            "reads as AI-generated",
            "posted during a review burst",
            "vague, lacks concrete detail",
          ],
          "source": "amazon",
          "verdict": "ghost",
          "verifiedPurchase": true,
        },
        {
          "id": "ghostcase-copy-4",
          "rating": 5,
          "reasons": [
            "near-duplicate of other reviews",
            "reads as AI-generated",
            "posted during a review burst",
            "vague, lacks concrete detail",
          ],
          "source": "amazon",
          "verdict": "ghost",
          "verifiedPurchase": true,
        },
        {
          "id": "ghostcase-copy-5",
          "rating": 5,
          "reasons": [
            "near-duplicate of other reviews",
            "reads as AI-generated",
            "posted during a review burst",
            "vague, lacks concrete detail",
          ],
          "source": "amazon",
          "verdict": "ghost",
          "verifiedPurchase": true,
        },
        {
          "id": "ghostcase-copy-6",
          "rating": 5,
          "reasons": [
            "near-duplicate of other reviews",
            "reads as AI-generated",
            "posted during a review burst",
            "vague, lacks concrete detail",
          ],
          "source": "amazon",
          "verdict": "ghost",
          "verifiedPurchase": true,
        },
        {
          "id": "ghostcase-free",
          "rating": 5,
          "reasons": [
            "reads as AI-generated",
            "mentions a free product or discount",
            "posted during a review burst",
            "vague, lacks concrete detail",
          ],
          "source": "amazon",
          "verdict": "ghost",
          "verifiedPurchase": false,
        },
        {
          "id": "ghostcase-burnt",
          "rating": 1,
          "reasons": [],
          "source": "amazon",
          "verdict": "authentic",
          "verifiedPurchase": true,
        },
        {
          "id": "ghostcase-returned",
          "rating": 1,
          "reasons": [],
          "source": "amazon",
          "verdict": "authentic",
          "verifiedPurchase": true,
        },
      ],
      "reviewsAnalyzed": 10,
      "scannedAt": "2026-06-09T12:00:00.000Z",
      "signals": {
        "aiGenerated": 0.7100000000000001,
        "burstiness": 0.8,
        "duplication": 0.7,
        "generic": 0.6940000000000002,
        "incentivized": 0.1,
        "ratingAnomaly": 1,
        "sentimentMismatch": 0,
      },
      "verdict": {
        "emoji": "👻👻",
        "label": "Haunted — proceed with caution",
        "tier": "haunted",
      },
    },
  },
  {
    "aliases": [
      "cozybrew kettle",
      "cozybrew gooseneck",
      "demo clean kettle",
    ],
    "key": "cozybrew-kettle",
    "result": {
      "demoMode": true,
      "ghostScore": 5,
      "hauntings": [],
      "product": {
        "name": "CozyBrew Gooseneck Kettle",
        "source": "trustpilot",
        "url": "https://www.trustpilot.com/review/cozybrew.example",
      },
      "reviews": [
        {
          "id": "cozybrew-pour",
          "rating": 5,
          "reasons": [],
          "source": "trustpilot",
          "verdict": "authentic",
          "verifiedPurchase": undefined,
        },
        {
          "id": "cozybrew-lid",
          "rating": 4,
          "reasons": [],
          "source": "trustpilot",
          "verdict": "authentic",
          "verifiedPurchase": undefined,
        },
        {
          "id": "cozybrew-size",
          "rating": 3,
          "reasons": [],
          "source": "trustpilot",
          "verdict": "authentic",
          "verifiedPurchase": undefined,
        },
        {
          "id": "cozybrew-scale",
          "rating": 4,
          "reasons": [],
          "source": "trustpilot",
          "verdict": "authentic",
          "verifiedPurchase": undefined,
        },
        {
          "id": "cozybrew-cord",
          "rating": 2,
          "reasons": [],
          "source": "trustpilot",
          "verdict": "authentic",
          "verifiedPurchase": undefined,
        },
        {
          "id": "cozybrew-travel",
          "rating": 5,
          "reasons": [],
          "source": "trustpilot",
          "verdict": "authentic",
          "verifiedPurchase": undefined,
        },
      ],
      "reviewsAnalyzed": 6,
      "scannedAt": "2026-06-09T12:05:00.000Z",
      "signals": {
        "aiGenerated": 0.12,
        "burstiness": 0,
        "duplication": 0,
        "generic": 0.18000000000000005,
        "incentivized": 0,
        "ratingAnomaly": 0,
        "sentimentMismatch": 0,
      },
      "verdict": {
        "emoji": "✨",
        "label": "Clean — barely a whisper",
        "tier": "clean",
      },
    },
  },
  {
    "aliases": [
      "glowfit pulse band",
      "glowfit tracker reviews",
      "demo incentivized fitness band",
    ],
    "key": "glowfit-pulse-band",
    "result": {
      "demoMode": true,
      "ghostScore": 45,
      "hauntings": [
        {
          "detail": "6 reviews arrived in burst windows (peak 6 in a single day, 6x the typical rate).",
          "evidenceRefs": [
            "glowfit-template-0",
            "glowfit-template-1",
            "glowfit-template-2",
            "glowfit-template-3",
            "glowfit-template-4",
            "glowfit-discount",
          ],
          "id": "burstiness",
          "severity": "high",
          "title": "Review burst",
        },
        {
          "detail": "5 reviews are near-identical to others (10 matching pairs).",
          "evidenceRefs": [
            "glowfit-template-0",
            "glowfit-template-1",
            "glowfit-template-2",
            "glowfit-template-3",
            "glowfit-template-4",
          ],
          "id": "duplication",
          "severity": "med",
          "title": "Copy-paste coven",
        },
        {
          "detail": "57% average AI-likelihood; 6 reviews strongly read as AI-generated or templated.",
          "evidenceRefs": [
            "glowfit-template-0",
            "glowfit-template-1",
            "glowfit-template-2",
            "glowfit-template-3",
            "glowfit-template-4",
            "glowfit-discount",
          ],
          "id": "aiGenerated",
          "severity": "med",
          "title": "Machine-written",
        },
        {
          "detail": "6 reviews lack concrete product detail (57% average generic-language score).",
          "evidenceRefs": [
            "glowfit-template-0",
            "glowfit-template-1",
            "glowfit-template-2",
            "glowfit-template-3",
            "glowfit-template-4",
            "glowfit-discount",
          ],
          "id": "generic",
          "severity": "med",
          "title": "Vague & generic",
        },
      ],
      "product": {
        "name": "GlowFit Pulse Band",
        "source": "amazon",
        "url": "https://www.amazon.com/product-reviews/GLOWFIT",
      },
      "reviews": [
        {
          "id": "glowfit-template-0",
          "rating": 5,
          "reasons": [
            "near-duplicate of other reviews",
            "reads as AI-generated",
            "posted during a review burst",
            "vague, lacks concrete detail",
          ],
          "source": "amazon",
          "verdict": "ghost",
          "verifiedPurchase": false,
        },
        {
          "id": "glowfit-template-1",
          "rating": 5,
          "reasons": [
            "near-duplicate of other reviews",
            "reads as AI-generated",
            "posted during a review burst",
            "vague, lacks concrete detail",
          ],
          "source": "amazon",
          "verdict": "ghost",
          "verifiedPurchase": false,
        },
        {
          "id": "glowfit-template-2",
          "rating": 5,
          "reasons": [
            "near-duplicate of other reviews",
            "reads as AI-generated",
            "posted during a review burst",
            "vague, lacks concrete detail",
          ],
          "source": "amazon",
          "verdict": "ghost",
          "verifiedPurchase": false,
        },
        {
          "id": "glowfit-template-3",
          "rating": 5,
          "reasons": [
            "near-duplicate of other reviews",
            "reads as AI-generated",
            "posted during a review burst",
            "vague, lacks concrete detail",
          ],
          "source": "amazon",
          "verdict": "ghost",
          "verifiedPurchase": false,
        },
        {
          "id": "glowfit-template-4",
          "rating": 5,
          "reasons": [
            "near-duplicate of other reviews",
            "reads as AI-generated",
            "posted during a review burst",
            "vague, lacks concrete detail",
          ],
          "source": "amazon",
          "verdict": "ghost",
          "verifiedPurchase": false,
        },
        {
          "id": "glowfit-discount",
          "rating": 5,
          "reasons": [
            "reads as AI-generated",
            "mentions a free product or discount",
            "posted during a review burst",
            "vague, lacks concrete detail",
          ],
          "source": "amazon",
          "verdict": "ghost",
          "verifiedPurchase": false,
        },
        {
          "id": "glowfit-sleep",
          "rating": 2,
          "reasons": [],
          "source": "amazon",
          "verdict": "authentic",
          "verifiedPurchase": true,
        },
        {
          "id": "glowfit-strap",
          "rating": 1,
          "reasons": [],
          "source": "amazon",
          "verdict": "authentic",
          "verifiedPurchase": true,
        },
        {
          "id": "glowfit-heart",
          "rating": 3,
          "reasons": [],
          "source": "amazon",
          "verdict": "authentic",
          "verifiedPurchase": true,
        },
      ],
      "reviewsAnalyzed": 9,
      "scannedAt": "2026-06-09T12:10:00.000Z",
      "signals": {
        "aiGenerated": 0.5666666666666667,
        "burstiness": 0.6666666666666666,
        "duplication": 0.5555555555555556,
        "generic": 0.5666666666666667,
        "incentivized": 0.1111111111111111,
        "ratingAnomaly": 0,
        "sentimentMismatch": 0,
      },
      "verdict": {
        "emoji": "👻",
        "label": "Mildly haunted",
        "tier": "mild",
      },
    },
  },
]
`;
